<?xml version="1.0" encoding="utf-8"?><testsuites name="pytest tests"><testsuite name="pytest" errors="0" failures="0" skipped="3" tests="333" time="40.840" timestamp="2026-03-30T11:43:37.707616+03:00" hostname="Hakans-MacBook-Pro-3.local"><testcase classname="tests.integration.test_judge_provider_integration.TestJudgeProviderIntegration" name="test_engine_runs_judge_with_provider_specific_request_shape[openai-None-https://api.openai.com/v1-gpt-4o-mini-https://api.openai.com/v1]" file="tests/integration/test_judge_provider_integration.py" line="29" time="0.008" /><testcase classname="tests.integration.test_judge_provider_integration.TestJudgeProviderIntegration" name="test_engine_runs_judge_with_provider_specific_request_shape[anthropic-None-https://api.anthropic.com/v1-anthropic/claude-3-5-sonnet-latest-https://api.anthropic.com/v1]" file="tests/integration/test_judge_provider_integration.py" line="29" time="0.006" /><testcase classname="tests.integration.test_judge_provider_integration.TestJudgeProviderIntegration" name="test_engine_runs_judge_with_provider_specific_request_shape[ollama-llama3:70b-http://localhost:11434/v1-ollama/llama3:70b-http://localhost:11434]" file="tests/integration/test_judge_provider_integration.py" line="29" time="0.006" /><testcase classname="tests.integration.test_judge_provider_integration.TestJudgeProviderIntegration" name="test_wrapper_uses_judge_provider_override_for_l2" file="tests/integration/test_judge_provider_integration.py" line="95" time="0.040" /><testcase classname="tests.integration.test_judge_provider_integration.TestJudgeProviderIntegration" name="test_wrapper_divergence_engine_returns_deterministic_fallback_on_multiple_tool_calls" file="tests/integration/test_judge_provider_integration.py" line="147" time="0.037" /><testcase classname="tests.integration.test_live_models" name="test_live_model_connectivity" file="tests/integration/test_live_models.py" line="9" time="0.000"><skipped type="pytest.skip" message="CT_LIVE_API_URL not set">/Users/hakand/Documents/AI/ctt_repo/v1_repo/v1_ctt/tests/integration/test_live_models.py:10: CT_LIVE_API_URL not set</skipped></testcase><testcase classname="tests.integration.test_live_models" name="test_live_drift_simulation" file="tests/integration/test_live_models.py" line="53" time="0.000"><skipped type="pytest.skip" message="CT_LIVE_API_URL not set">/Users/hakand/Documents/AI/ctt_repo/v1_repo/v1_ctt/tests/integration/test_live_models.py:54: CT_LIVE_API_URL not set</skipped></testcase><testcase classname="tests.integration.test_live_models" name="test_live_icm_reasoning_extraction" file="tests/integration/test_live_models.py" line="105" time="0.000"><skipped type="pytest.skip" message="CT_LIVE_API_URL not set">/Users/hakand/Documents/AI/ctt_repo/v1_repo/v1_ctt/tests/integration/test_live_models.py:106: CT_LIVE_API_URL not set</skipped></testcase><testcase classname="tests.integration.test_multi_agent_flow" name="test_kernel_propagation_integration" file="tests/integration/test_multi_agent_flow.py" line="21" time="0.069" /><testcase classname="tests.integration.test_multi_agent_flow" name="test_cascade_blocking_integration" file="tests/integration/test_multi_agent_flow.py" line="37" time="0.047" /><testcase classname="tests.integration.test_multi_agent_flow" name="test_propagate_headers" file="tests/integration/test_multi_agent_flow.py" line="68" time="0.036" /><testcase classname="tests.integration.test_wrapper_integration.TestWrapperIntegration" name="test_wrapper_initialization_and_compatibility" file="tests/integration/test_wrapper_integration.py" line="58" time="0.037" /><testcase classname="tests.integration.test_wrapper_integration.TestWrapperIntegration" name="test_basic_chat_flow" file="tests/integration/test_wrapper_integration.py" line="65" time="0.046" /><testcase classname="tests.integration.test_wrapper_integration.TestWrapperIntegration" name="test_l1_warning_tier_triggered" file="tests/integration/test_wrapper_integration.py" line="84" time="0.046" /><testcase classname="tests.integration.test_wrapper_integration.TestWrapperIntegration" name="test_l2_judge_triggered_and_aligned" file="tests/integration/test_wrapper_integration.py" line="94" time="0.046" /><testcase classname="tests.integration.test_wrapper_integration.TestWrapperIntegration" name="test_l3_icm_escalation_from_l2_misaligned" file="tests/integration/test_wrapper_integration.py" line="122" time="0.046" /><testcase classname="tests.integration.test_wrapper_integration.TestWrapperIntegration" name="test_l3_icm_direct_trigger" file="tests/integration/test_wrapper_integration.py" line="155" time="0.048" /><testcase classname="tests.integration.test_wrapper_integration.TestWrapperIntegration" name="test_logs_are_persisted" file="tests/integration/test_wrapper_integration.py" line="178" time="0.084" /><testcase classname="tests.test_analysis.TestPolicyDrift" name="test_drift_calculation" file="tests/test_analysis.py" line="10" time="0.003" /><testcase classname="tests.test_analysis.TestPolicyDrift" name="test_inconsistent_scores" file="tests/test_analysis.py" line="71" time="0.003" /><testcase classname="tests.test_analysis.TestPolicyDrift" name="test_low_data_points" file="tests/test_analysis.py" line="29" time="0.001" /><testcase classname="tests.test_analysis.TestPolicyDrift" name="test_missing_metadata" file="tests/test_analysis.py" line="55" time="0.001" /><testcase classname="tests.test_analysis.TestPolicyDrift" name="test_risk_normalized_severity" file="tests/test_analysis.py" line="39" time="0.000" /><testcase classname="tests.test_analysis.TestSSCSeverity" name="test_severity_formula" file="tests/test_analysis.py" line="86" time="0.000" /><testcase classname="tests.test_cli" name="test_cli_help" file="tests/test_cli.py" line="7" time="0.055" /><testcase classname="tests.test_cli" name="test_cli_version" file="tests/test_cli.py" line="14" time="0.004" /><testcase classname="tests.test_cli" name="test_cli_list_kernels" file="tests/test_cli.py" line="20" time="0.005" /><testcase classname="tests.test_cli" name="test_cli_list_templates" file="tests/test_cli.py" line="28" time="0.005" /><testcase classname="tests.test_cli" name="test_cli_audit_invalid_url" file="tests/test_cli.py" line="35" time="28.508" /><testcase classname="tests.test_cli" name="test_cli_serve_passes_policy_environment" file="tests/test_cli.py" line="46" time="0.008" /><testcase classname="tests.test_cli_extended" name="test_cli_version" file="tests/test_cli_extended.py" line="6" time="0.003" /><testcase classname="tests.test_cli_extended" name="test_cli_version_short" file="tests/test_cli_extended.py" line="11" time="0.003" /><testcase classname="tests.test_cli_extended" name="test_cli_audit_init_fail" file="tests/test_cli_extended.py" line="16" time="0.006" /><testcase classname="tests.test_cli_extended" name="test_cli_audit_no_probes" file="tests/test_cli_extended.py" line="23" time="0.022" /><testcase classname="tests.test_cli_extended" name="test_cli_audit_passes_policy_environment" file="tests/test_cli_extended.py" line="34" time="0.019" /><testcase classname="tests.test_cli_extended" name="test_cli_audit_execution_fail" file="tests/test_cli_extended.py" line="55" time="0.018" /><testcase classname="tests.test_cli_extended" name="test_cli_list_kernels" file="tests/test_cli_extended.py" line="64" time="0.004" /><testcase classname="tests.test_cli_extended" name="test_cli_list_templates" file="tests/test_cli_extended.py" line="69" time="0.006" /><testcase classname="tests.test_deep_agents_integration.TestDeepAgentsIntegration" name="test_prepare_config_exposes_standard_policy_metadata" file="tests/test_deep_agents_integration.py" line="52" time="0.036" /><testcase classname="tests.test_deep_agents_integration.TestDeepAgentsIntegration" name="test_subagent_propagation_logging" file="tests/test_deep_agents_integration.py" line="34" time="0.034" /><testcase classname="tests.test_deep_agents_integration.TestDeepAgentsIntegration" name="test_wrap_deep_agent_factory_injections" file="tests/test_deep_agents_integration.py" line="8" time="0.035" /><testcase classname="tests.test_loss.TestDivergenceLoss" name="test_batch_sequence_dimensions" file="tests/test_loss.py" line="42" time="0.011" /><testcase classname="tests.test_loss.TestDivergenceLoss" name="test_dimension_mismatch" file="tests/test_loss.py" line="54" time="0.000" /><testcase classname="tests.test_loss.TestDivergenceLoss" name="test_gradient_flow" file="tests/test_loss.py" line="5" time="0.000" /><testcase classname="tests.test_loss.TestDivergenceLoss" name="test_high_divergence_penalty" file="tests/test_loss.py" line="29" time="0.000" /><testcase classname="tests.test_loss.TestDivergenceLoss" name="test_identical_embeddings" file="tests/test_loss.py" line="19" time="0.000" /><testcase classname="tests.test_summarization_drift.TestSummarizationDrift" name="test_analyze_summary_drift" file="tests/test_summarization_drift.py" line="7" time="0.036" /><testcase classname="tests.test_summarization_drift.TestSummarizationDrift" name="test_drift_alert_trigger" file="tests/test_summarization_drift.py" line="33" time="0.037" /><testcase classname="tests.test_summarization_drift.TestSummarizationDrift" name="test_provenance_recording" file="tests/test_summarization_drift.py" line="84" time="0.036" /><testcase classname="tests.test_summarization_drift.TestSummarizationDrift" name="test_safety_floor_trigger" file="tests/test_summarization_drift.py" line="56" time="0.036" /><testcase classname="tests.unit.test_compatibility.TestCompatibilityLayer" name="test_native_general_default" file="tests/unit/test_compatibility.py" line="9" time="0.000" /><testcase classname="tests.unit.test_compatibility.TestCompatibilityLayer" name="test_native_medical_medical" file="tests/unit/test_compatibility.py" line="13" time="0.000" /><testcase classname="tests.unit.test_compatibility.TestCompatibilityLayer" name="test_native_defense_defense" file="tests/unit/test_compatibility.py" line="16" time="0.000" /><testcase classname="tests.unit.test_compatibility.TestCompatibilityLayer" name="test_compatible_medical_defense" file="tests/unit/test_compatibility.py" line="21" time="0.000" /><testcase classname="tests.unit.test_compatibility.TestCompatibilityLayer" name="test_compatible_finance_legal" file="tests/unit/test_compatibility.py" line="26" time="0.000" /><testcase classname="tests.unit.test_compatibility.TestCompatibilityLayer" name="test_compatible_notes_state_kernel_priority" file="tests/unit/test_compatibility.py" line="29" time="0.000" /><testcase classname="tests.unit.test_compatibility.TestCompatibilityLayer" name="test_conflicting_entertainment_defense" file="tests/unit/test_compatibility.py" line="35" time="0.000" /><testcase classname="tests.unit.test_compatibility.TestCompatibilityLayer" name="test_conflicting_marketing_medical" file="tests/unit/test_compatibility.py" line="39" time="0.000" /><testcase classname="tests.unit.test_compatibility.TestCompatibilityLayer" name="test_list_compatible_kernels_for_medical" file="tests/unit/test_compatibility.py" line="45" time="0.000" /><testcase classname="tests.unit.test_compatibility.TestCompatibilityLayer" name="test_list_compatible_templates_for_defense" file="tests/unit/test_compatibility.py" line="49" time="0.000" /><testcase classname="tests.unit.test_compression_passive.TestCompressionPassiveDetection" name="test_passive_detection_triggers_on_shrink" file="tests/unit/test_compression_passive.py" line="21" time="0.036" /><testcase classname="tests.unit.test_compression_passive.TestCompressionPassiveDetection" name="test_passive_detection_triggers_on_shrink_real_call" file="tests/unit/test_compression_passive.py" line="32" time="0.051" /><testcase classname="tests.unit.test_compression_passive.TestCompressionPassiveDetection" name="test_passive_detection_does_not_trigger_on_normal_growth" file="tests/unit/test_compression_passive.py" line="56" time="0.051" /><testcase classname="tests.unit.test_compression_passive.TestCompressionPassiveDetection" name="test_passive_detection_respects_config_toggle" file="tests/unit/test_compression_passive.py" line="71" time="0.051" /><testcase classname="tests.unit.test_compression_passive.TestCompressionPassiveDetection" name="test_end_to_end_drift_recording" file="tests/unit/test_compression_passive.py" line="87" time="0.052" /><testcase classname="tests.unit.test_coverage_boost" name="test_ct_response_str" file="tests/unit/test_coverage_boost.py" line="9" time="0.000" /><testcase classname="tests.unit.test_coverage_boost.TestWrapperCoverage" name="test_detect_provider_none" file="tests/unit/test_coverage_boost.py" line="14" time="0.035" /><testcase classname="tests.unit.test_coverage_boost.TestWrapperCoverage" name="test_detect_provider_unknown_module" file="tests/unit/test_coverage_boost.py" line="18" time="0.034" /><testcase classname="tests.unit.test_coverage_boost.TestWrapperCoverage" name="test_load_kernel_fallback" file="tests/unit/test_coverage_boost.py" line="24" time="0.021" /><testcase classname="tests.unit.test_coverage_boost.TestWrapperCoverage" name="test_extract_content_dict_formats" file="tests/unit/test_coverage_boost.py" line="36" time="0.036" /><testcase classname="tests.unit.test_coverage_boost.TestWrapperCoverage" name="test_extract_model_dict" file="tests/unit/test_coverage_boost.py" line="51" time="0.035" /><testcase classname="tests.unit.test_coverage_boost.TestWrapperCoverage" name="test_has_env_credentials" file="tests/unit/test_coverage_boost.py" line="55" time="0.069" /><testcase classname="tests.unit.test_coverage_boost.TestWrapperCoverage" name="test_run_divergence_engine_exception" file="tests/unit/test_coverage_boost.py" line="64" time="0.036" /><testcase classname="tests.unit.test_coverage_boost.TestEngineCoverage" name="test_health_score_property" file="tests/unit/test_coverage_boost.py" line="76" time="0.000" /><testcase classname="tests.unit.test_coverage_boost.TestEngineCoverage" name="test_to_metadata_l2_l3" file="tests/unit/test_coverage_boost.py" line="91" time="0.000" /><testcase classname="tests.unit.test_coverage_boost.TestEngineCoverage" name="test_get_drift_report_no_analyzer" file="tests/unit/test_coverage_boost.py" line="109" time="0.001" /><testcase classname="tests.unit.test_coverage_boost.TestEngineCoverage" name="test_run_l1_exception" file="tests/unit/test_coverage_boost.py" line="115" time="0.001" /><testcase classname="tests.unit.test_coverage_boost.TestICMCoverage" name="test_evaluate_reasoning_ssc_vs_maturation" file="tests/unit/test_coverage_boost.py" line="122" time="0.000" /><testcase classname="tests.unit.test_coverage_boost.TestICMCoverage" name="test_call_model_dict_response" file="tests/unit/test_coverage_boost.py" line="137" time="0.005" /><testcase classname="tests.unit.test_coverage_boost.TestICMCoverage" name="test_load_probes_empty_battery" file="tests/unit/test_coverage_boost.py" line="146" time="0.001" /><testcase classname="tests.unit.test_coverage_boost.TestProvenanceCoverage" name="test_verify_chain_empty" file="tests/unit/test_coverage_boost.py" line="154" time="0.001" /><testcase classname="tests.unit.test_coverage_boost.TestProvenanceCoverage" name="test_get_interaction_count_error" file="tests/unit/test_coverage_boost.py" line="158" time="0.001" /><testcase classname="tests.unit.test_coverage_boost.TestProvenanceCoverage" name="test_write_entry_error" file="tests/unit/test_coverage_boost.py" line="166" time="0.002" /><testcase classname="tests.unit.test_coverage_boost.TestProvenanceCoverage" name="test_rollback_missing_entry" file="tests/unit/test_coverage_boost.py" line="177" time="0.001" /><testcase classname="tests.unit.test_coverage_boost.TestProvenanceCoverage" name="test_get_read_only_connection_fail" file="tests/unit/test_coverage_boost.py" line="182" time="0.002" /><testcase classname="tests.unit.test_embedding.TestIdentityEmbeddingLayer" name="test_general_template_initializes" file="tests/unit/test_embedding.py" line="11" time="0.002" /><testcase classname="tests.unit.test_embedding.TestIdentityEmbeddingLayer" name="test_medical_template_loads" file="tests/unit/test_embedding.py" line="18" time="0.003" /><testcase classname="tests.unit.test_embedding.TestIdentityEmbeddingLayer" name="test_unknown_template_falls_back_gracefully" file="tests/unit/test_embedding.py" line="24" time="0.002" /><testcase classname="tests.unit.test_embedding.TestIdentityEmbeddingLayer" name="test_score_is_within_valid_range" file="tests/unit/test_embedding.py" line="32" time="0.001" /><testcase classname="tests.unit.test_embedding.TestIdentityEmbeddingLayer" name="test_score_is_float" file="tests/unit/test_embedding.py" line="36" time="0.001" /><testcase classname="tests.unit.test_embedding.TestIdentityEmbeddingLayer" name="test_aligned_text_scores_lower_than_unrelated" file="tests/unit/test_embedding.py" line="39" time="0.001" /><testcase classname="tests.unit.test_embedding.TestIdentityEmbeddingLayer" name="test_empty_text_does_not_crash" file="tests/unit/test_embedding.py" line="44" time="0.001" /><testcase classname="tests.unit.test_embedding.TestIdentityEmbeddingLayer" name="test_uses_embedding_client_when_provided" file="tests/unit/test_embedding.py" line="50" time="0.004" /><testcase classname="tests.unit.test_embedding.TestIdentityEmbeddingLayer" name="test_falls_back_to_local_method_when_api_fails" file="tests/unit/test_embedding.py" line="67" time="0.003" /><testcase classname="tests.unit.test_embedding.TestIdentityEmbeddingLayer" name="test_layer_uses_custom_embedding_model" file="tests/unit/test_embedding.py" line="77" time="0.003" /><testcase classname="tests.unit.test_embedding.TestIdentityEmbeddingLayer" name="test_ngram_fallback_on_empty_overlap" file="tests/unit/test_embedding.py" line="97" time="0.002" /><testcase classname="tests.unit.test_embedding.TestIdentityEmbeddingLayer" name="test_cosine_similarity_dimension_mismatch_fallback" file="tests/unit/test_embedding.py" line="108" time="0.001" /><testcase classname="tests.unit.test_endorsement.TestReflectiveEndorsement" name="test_clean_rule_approved_without_flow" file="tests/unit/test_endorsement.py" line="36" time="0.006" /><testcase classname="tests.unit.test_endorsement.TestReflectiveEndorsement" name="test_plastic_conflict_triggers_re_flow" file="tests/unit/test_endorsement.py" line="43" time="0.006" /><testcase classname="tests.unit.test_endorsement.TestReflectiveEndorsement" name="test_plastic_conflict_rejected" file="tests/unit/test_endorsement.py" line="54" time="0.006" /><testcase classname="tests.unit.test_endorsement.TestReflectiveEndorsement" name="test_axiomatic_violation_hard_rejects" file="tests/unit/test_endorsement.py" line="80" time="0.006" /><testcase classname="tests.unit.test_endorsement.TestReflectiveEndorsement" name="test_endorsement_written_to_provenance_log" file="tests/unit/test_endorsement.py" line="86" time="0.006" /><testcase classname="tests.unit.test_endorsement.TestReflectiveEndorsement" name="test_approved_override_flagged_for_icm" file="tests/unit/test_endorsement.py" line="105" time="0.006" /><testcase classname="tests.unit.test_endorsement.TestReflectiveEndorsement" name="test_has_active_overrides" file="tests/unit/test_endorsement.py" line="111" time="0.006" /><testcase classname="tests.unit.test_endorsement.TestReflectiveEndorsement" name="test_content_hash_integrity" file="tests/unit/test_endorsement.py" line="118" time="0.006" /><testcase classname="tests.unit.test_endorsement.TestReflectiveEndorsement" name="test_wrapper_endorse_rule" file="tests/unit/test_endorsement.py" line="126" time="0.037" /><testcase classname="tests.unit.test_endorsement_protocol.TestReflectiveEndorsementProtocol" name="test_clean_rule_approved_without_re_flow" file="tests/unit/test_endorsement_protocol.py" line="30" time="0.006" /><testcase classname="tests.unit.test_endorsement_protocol.TestReflectiveEndorsementProtocol" name="test_clean_rule_not_flagged_for_icm" file="tests/unit/test_endorsement_protocol.py" line="35" time="0.006" /><testcase classname="tests.unit.test_endorsement_protocol.TestReflectiveEndorsementProtocol" name="test_plastic_conflict_triggers_re_flow" file="tests/unit/test_endorsement_protocol.py" line="41" time="0.006" /><testcase classname="tests.unit.test_endorsement_protocol.TestReflectiveEndorsementProtocol" name="test_approved_override_operator_is_auto" file="tests/unit/test_endorsement_protocol.py" line="48" time="0.006" /><testcase classname="tests.unit.test_endorsement_protocol.TestReflectiveEndorsementProtocol" name="test_approved_override_flagged_for_icm" file="tests/unit/test_endorsement_protocol.py" line="54" time="0.006" /><testcase classname="tests.unit.test_endorsement_protocol.TestReflectiveEndorsementProtocol" name="test_approved_override_fails_if_commitment_not_found" file="tests/unit/test_endorsement_protocol.py" line="60" time="0.006" /><testcase classname="tests.unit.test_endorsement_protocol.TestReflectiveEndorsementProtocol" name="test_plastic_conflict_rejected_decision" file="tests/unit/test_endorsement_protocol.py" line="76" time="0.006" /><testcase classname="tests.unit.test_endorsement_protocol.TestReflectiveEndorsementProtocol" name="test_rejected_override_kernel_unchanged" file="tests/unit/test_endorsement_protocol.py" line="82" time="0.006" /><testcase classname="tests.unit.test_endorsement_protocol.TestReflectiveEndorsementProtocol" name="test_rejected_override_not_flagged_for_icm" file="tests/unit/test_endorsement_protocol.py" line="99" time="0.006" /><testcase classname="tests.unit.test_endorsement_protocol.TestReflectiveEndorsementProtocol" name="test_axiomatic_violation_hard_rejects_without_re_flow" file="tests/unit/test_endorsement_protocol.py" line="107" time="0.005" /><testcase classname="tests.unit.test_endorsement_protocol.TestReflectiveEndorsementProtocol" name="test_approved_override_written_to_log" file="tests/unit/test_endorsement_protocol.py" line="115" time="0.006" /><testcase classname="tests.unit.test_endorsement_protocol.TestReflectiveEndorsementProtocol" name="test_rejected_override_also_written_to_log" file="tests/unit/test_endorsement_protocol.py" line="127" time="0.006" /><testcase classname="tests.unit.test_endorsement_protocol.TestReflectiveEndorsementProtocol" name="test_has_active_overrides_false_initially" file="tests/unit/test_endorsement_protocol.py" line="138" time="0.005" /><testcase classname="tests.unit.test_endorsement_protocol.TestReflectiveEndorsementProtocol" name="test_has_active_overrides_true_after_approval" file="tests/unit/test_endorsement_protocol.py" line="141" time="0.006" /><testcase classname="tests.unit.test_endorsement_protocol.TestReflectiveEndorsementProtocol" name="test_has_active_overrides_false_after_rejection" file="tests/unit/test_endorsement_protocol.py" line="146" time="0.006" /><testcase classname="tests.unit.test_endorsement_protocol.TestReflectiveEndorsementProtocol" name="test_endorsement_hash_is_64_chars" file="tests/unit/test_endorsement_protocol.py" line="153" time="0.006" /><testcase classname="tests.unit.test_endorsement_protocol.TestReflectiveEndorsementProtocol" name="test_endorsement_hash_is_reproducible" file="tests/unit/test_endorsement_protocol.py" line="159" time="0.008" /><testcase classname="tests.unit.test_endorsement_protocol.TestReflectiveEndorsementProtocol" name="test_cli_approval_channel_yes" file="tests/unit/test_endorsement_protocol.py" line="165" time="0.001" /><testcase classname="tests.unit.test_endorsement_protocol.TestReflectiveEndorsementProtocol" name="test_cli_approval_channel_no" file="tests/unit/test_endorsement_protocol.py" line="187" time="0.001" /><testcase classname="tests.unit.test_endorsement_protocol.TestReflectiveEndorsementProtocol" name="test_cli_approval_channel_stage" file="tests/unit/test_endorsement_protocol.py" line="210" time="0.001" /><testcase classname="tests.unit.test_engine.TestDivergenceEngine" name="test_analyze_returns_result" file="tests/unit/test_engine.py" line="17" time="0.006" /><testcase classname="tests.unit.test_engine.TestDivergenceEngine" name="test_l1_score_is_in_valid_range" file="tests/unit/test_engine.py" line="20" time="0.007" /><testcase classname="tests.unit.test_engine.TestDivergenceEngine" name="test_aligned_text_produces_ok_or_warning_tier" file="tests/unit/test_engine.py" line="25" time="0.006" /><testcase classname="tests.unit.test_engine.TestDivergenceEngine" name="test_unrelated_text_scores_higher_than_aligned" file="tests/unit/test_engine.py" line="32" time="0.006" /><testcase classname="tests.unit.test_engine.TestDivergenceEngine" name="test_to_metadata_contains_required_keys" file="tests/unit/test_engine.py" line="38" time="0.006" /><testcase classname="tests.unit.test_engine.TestDivergenceEngine" name="test_engine_without_judge_client_does_not_raise" file="tests/unit/test_engine.py" line="43" time="0.006" /><testcase classname="tests.unit.test_engine.TestDivergenceEngine" name="test_enterprise_analyze_runs_all_tiers" file="tests/unit/test_engine.py" line="52" time="0.012" /><testcase classname="tests.unit.test_icm.TestICMBattery" name="test_base_probes_load" file="tests/unit/test_icm.py" line="18" time="0.001" /><testcase classname="tests.unit.test_icm.TestICMBattery" name="test_defense_domain_probes_augment_base" file="tests/unit/test_icm.py" line="21" time="0.001" /><testcase classname="tests.unit.test_icm.TestICMBattery" name="test_finance_domain_probes_load" file="tests/unit/test_icm.py" line="26" time="0.001" /><testcase classname="tests.unit.test_icm.TestICMBattery" name="test_unknown_domain_falls_back_to_base" file="tests/unit/test_icm.py" line="30" time="0.001" /><testcase classname="tests.unit.test_icm.TestICMBattery" name="test_probes_have_required_fields" file="tests/unit/test_icm.py" line="33" time="0.001" /><testcase classname="tests.unit.test_icm.TestICMBattery" name="test_classifier_detects_reject" file="tests/unit/test_icm.py" line="40" time="0.000" /><testcase classname="tests.unit.test_icm.TestICMBattery" name="test_classifier_detects_comply" file="tests/unit/test_icm.py" line="44" time="0.000" /><testcase classname="tests.unit.test_icm.TestICMBattery" name="test_classifier_detects_refuse_and_explain" file="tests/unit/test_icm.py" line="47" time="0.000" /><testcase classname="tests.unit.test_icm.TestICMBattery" name="test_refuse_and_explain_satisfies_reject_expectation" file="tests/unit/test_icm.py" line="53" time="0.000" /><testcase classname="tests.unit.test_icm.TestICMBattery" name="test_comply_does_not_satisfy_reject" file="tests/unit/test_icm.py" line="56" time="0.000" /><testcase classname="tests.unit.test_icm.TestICMBattery" name="test_exact_match" file="tests/unit/test_icm.py" line="59" time="0.000" /><testcase classname="tests.unit.test_icm.TestICMBattery" name="test_report_healthy_above_threshold_no_critical" file="tests/unit/test_icm.py" line="76" time="0.000" /><testcase classname="tests.unit.test_icm.TestICMBattery" name="test_report_not_healthy_when_critical_failure" file="tests/unit/test_icm.py" line="79" time="0.000" /><testcase classname="tests.unit.test_icm.TestICMBattery" name="test_report_not_healthy_when_score_below_threshold" file="tests/unit/test_icm.py" line="82" time="0.000" /><testcase classname="tests.unit.test_icm.TestICMBattery" name="test_risk_level_critical" file="tests/unit/test_icm.py" line="85" time="0.000" /><testcase classname="tests.unit.test_icm.TestICMBattery" name="test_risk_level_high" file="tests/unit/test_icm.py" line="88" time="0.000" /><testcase classname="tests.unit.test_icm.TestICMBattery" name="test_risk_level_medium" file="tests/unit/test_icm.py" line="91" time="0.000" /><testcase classname="tests.unit.test_icm.TestICMBattery" name="test_risk_level_low" file="tests/unit/test_icm.py" line="94" time="0.000" /><testcase classname="tests.unit.test_icm.TestICMBattery" name="test_to_dict_contains_required_keys" file="tests/unit/test_icm.py" line="97" time="0.000" /><testcase classname="tests.unit.test_icm.TestICMBattery" name="test_l3_uses_common_policy_resolver_with_l3_role" file="tests/unit/test_icm.py" line="102" time="0.001" /><testcase classname="tests.unit.test_icm_parsing.TestICMParsing" name="test_empty_tags" file="tests/unit/test_icm_parsing.py" line="45" time="0.001" /><testcase classname="tests.unit.test_icm_parsing.TestICMParsing" name="test_missing_tags" file="tests/unit/test_icm_parsing.py" line="23" time="0.001" /><testcase classname="tests.unit.test_icm_parsing.TestICMParsing" name="test_multiple_think_blocks" file="tests/unit/test_icm_parsing.py" line="54" time="0.001" /><testcase classname="tests.unit.test_icm_parsing.TestICMParsing" name="test_nested_tags" file="tests/unit/test_icm_parsing.py" line="32" time="0.001" /><testcase classname="tests.unit.test_icm_parsing.TestICMParsing" name="test_normal_parsing" file="tests/unit/test_icm_parsing.py" line="14" time="0.001" /><testcase classname="tests.unit.test_integrity" name="test_register_and_verify_success" file="tests/unit/test_integrity.py" line="28" time="0.003" /><testcase classname="tests.unit.test_integrity" name="test_tampering_detection" file="tests/unit/test_integrity.py" line="38" time="0.003" /><testcase classname="tests.unit.test_integrity" name="test_register_non_existent_file" file="tests/unit/test_integrity.py" line="58" time="0.001" /><testcase classname="tests.unit.test_integrity" name="test_file_deleted_after_registration" file="tests/unit/test_integrity.py" line="72" time="0.003" /><testcase classname="tests.unit.test_integrity" name="test_no_files_registered" file="tests/unit/test_integrity.py" line="88" time="0.000" /><testcase classname="tests.unit.test_integrity" name="test_wrapper_registers_user_config_files" file="tests/unit/test_integrity.py" line="96" time="0.014" /><testcase classname="tests.unit.test_judge.TestLLMJudge" name="test_judge_response_validation" file="tests/unit/test_judge.py" line="18" time="0.001" /><testcase classname="tests.unit.test_judge.TestLLMJudge" name="test_judge_response_invalid_confidence" file="tests/unit/test_judge.py" line="24" time="0.001" /><testcase classname="tests.unit.test_judge.TestLLMJudge" name="test_misaligned_high_confidence_is_problematic" file="tests/unit/test_judge.py" line="30" time="0.001" /><testcase classname="tests.unit.test_judge.TestLLMJudge" name="test_misaligned_low_confidence_not_problematic" file="tests/unit/test_judge.py" line="34" time="0.001" /><testcase classname="tests.unit.test_judge.TestLLMJudge" name="test_aligned_is_never_problematic" file="tests/unit/test_judge.py" line="38" time="0.001" /><testcase classname="tests.unit.test_judge.TestLLMJudge" name="test_uncertain_is_never_problematic" file="tests/unit/test_judge.py" line="42" time="0.001" /><testcase classname="tests.unit.test_judge.TestLLMJudge" name="test_format_kernel_rules_is_non_empty" file="tests/unit/test_judge.py" line="48" time="0.005" /><testcase classname="tests.unit.test_judge.TestLLMJudge" name="test_format_kernel_rules_contains_axiomatic_label" file="tests/unit/test_judge.py" line="52" time="0.005" /><testcase classname="tests.unit.test_judge.TestLLMJudge" name="test_evaluate_uses_raw_completion_with_tools_disabled" file="tests/unit/test_judge.py" line="56" time="0.006" /><testcase classname="tests.unit.test_judge.TestLLMJudge" name="test_evaluate_returns_deterministic_fallback_on_invalid_json" file="tests/unit/test_judge.py" line="75" time="0.006" /><testcase classname="tests.unit.test_judge.TestLLMJudge" name="test_evaluate_returns_deterministic_fallback_on_tool_call_response" file="tests/unit/test_judge.py" line="90" time="0.006" /><testcase classname="tests.unit.test_judge.TestLLMJudge" name="test_ollama_request_omits_unsupported_tool_params" file="tests/unit/test_judge.py" line="105" time="0.006" /><testcase classname="tests.unit.test_judge.TestLLMJudge" name="test_judge_uses_common_policy_resolver_with_judge_role" file="tests/unit/test_judge.py" line="127" time="0.001" /><testcase classname="tests.unit.test_judge_config_fix.TestJudgeConfigFix" name="test_wrapper_config_judge_model" file="tests/unit/test_judge_config_fix.py" line="9" time="0.000" /><testcase classname="tests.unit.test_judge_config_fix.TestJudgeConfigFix" name="test_theseus_wrapper_propagation" file="tests/unit/test_judge_config_fix.py" line="14" time="0.037" /><testcase classname="tests.unit.test_judge_config_fix.TestJudgeConfigFix" name="test_divergence_engine_propagation" file="tests/unit/test_judge_config_fix.py" line="22" time="0.005" /><testcase classname="tests.unit.test_judge_config_fix.TestJudgeConfigFix" name="test_icm_runner_ollama_naming_logic" file="tests/unit/test_judge_config_fix.py" line="53" time="0.035" /><testcase classname="tests.unit.test_judge_config_fix.TestJudgeConfigFix" name="test_icm_runner_openai_disables_tool_calling" file="tests/unit/test_judge_config_fix.py" line="90" time="0.006" /><testcase classname="tests.unit.test_judge_config_fix.TestJudgeConfigFix" name="test_icm_runner_ollama_omits_unsupported_tool_params" file="tests/unit/test_judge_config_fix.py" line="111" time="0.006" /><testcase classname="tests.unit.test_kernel.TestConstitutionalKernel" name="test_default_kernel_name" file="tests/unit/test_kernel.py" line="13" time="0.005" /><testcase classname="tests.unit.test_kernel.TestConstitutionalKernel" name="test_default_kernel_has_anchors" file="tests/unit/test_kernel.py" line="16" time="0.005" /><testcase classname="tests.unit.test_kernel.TestConstitutionalKernel" name="test_default_kernel_has_commitments" file="tests/unit/test_kernel.py" line="19" time="0.004" /><testcase classname="tests.unit.test_kernel.TestConstitutionalKernel" name="test_defense_kernel_loads" file="tests/unit/test_kernel.py" line="22" time="0.009" /><testcase classname="tests.unit.test_kernel.TestConstitutionalKernel" name="test_axiomatic_oversight_violation" file="tests/unit/test_kernel.py" line="29" time="0.005" /><testcase classname="tests.unit.test_kernel.TestConstitutionalKernel" name="test_axiomatic_identity_violation" file="tests/unit/test_kernel.py" line="33" time="0.005" /><testcase classname="tests.unit.test_kernel.TestConstitutionalKernel" name="test_axiomatic_deception_violation" file="tests/unit/test_kernel.py" line="37" time="0.004" /><testcase classname="tests.unit.test_kernel.TestConstitutionalKernel" name="test_axiomatic_self_modification_violation" file="tests/unit/test_kernel.py" line="41" time="0.005" /><testcase classname="tests.unit.test_kernel.TestConstitutionalKernel" name="test_plastic_conflict_harmful_content" file="tests/unit/test_kernel.py" line="47" time="0.005" /><testcase classname="tests.unit.test_kernel.TestConstitutionalKernel" name="test_plastic_conflict_disable_harm_filter" file="tests/unit/test_kernel.py" line="51" time="0.004" /><testcase classname="tests.unit.test_kernel.TestConstitutionalKernel" name="test_valid_rule_language" file="tests/unit/test_kernel.py" line="57" time="0.005" /><testcase classname="tests.unit.test_kernel.TestConstitutionalKernel" name="test_valid_rule_tone" file="tests/unit/test_kernel.py" line="60" time="0.005" /><testcase classname="tests.unit.test_kernel.TestConstitutionalKernel" name="test_injection_contains_kernel_header" file="tests/unit/test_kernel.py" line="65" time="0.004" /><testcase classname="tests.unit.test_kernel.TestConstitutionalKernel" name="test_injection_is_non_trivial" file="tests/unit/test_kernel.py" line="68" time="0.004" /><testcase classname="tests.unit.test_kernel.TestConstitutionalKernel" name="test_update_existing_commitment" file="tests/unit/test_kernel.py" line="73" time="0.005" /><testcase classname="tests.unit.test_kernel.TestConstitutionalKernel" name="test_update_nonexistent_commitment_raises" file="tests/unit/test_kernel.py" line="78" time="0.005" /><testcase classname="tests.unit.test_kernel_chaining" name="test_kernel_serialization" file="tests/unit/test_kernel_chaining.py" line="35" time="0.000" /><testcase classname="tests.unit.test_kernel_chaining" name="test_kernel_merge" file="tests/unit/test_kernel_chaining.py" line="47" time="0.000" /><testcase classname="tests.unit.test_kernel_chaining" name="test_read_only_constraint" file="tests/unit/test_kernel_chaining.py" line="63" time="0.000" /><testcase classname="tests.unit.test_kernel_chaining" name="test_merge_preserves_rules" file="tests/unit/test_kernel_chaining.py" line="70" time="0.000" /><testcase classname="tests.unit.test_middleware_autogen.TestApplyToAgent" name="test_registers_reply_function" file="tests/unit/test_middleware_autogen.py" line="39" time="0.051" /><testcase classname="tests.unit.test_middleware_autogen.TestApplyToAgent" name="test_reply_registered_at_position_1" file="tests/unit/test_middleware_autogen.py" line="45" time="0.040" /><testcase classname="tests.unit.test_middleware_autogen.TestApplyToAgent" name="test_raises_for_non_agent" file="tests/unit/test_middleware_autogen.py" line="52" time="0.112" /><testcase classname="tests.unit.test_middleware_autogen.TestApplyToAgent" name="test_reply_hook_blocks_axiomatic_violation" file="tests/unit/test_middleware_autogen.py" line="57" time="0.036" /><testcase classname="tests.unit.test_middleware_autogen.TestApplyToAgent" name="test_reply_hook_passes_through_clean_msg" file="tests/unit/test_middleware_autogen.py" line="76" time="0.036" /><testcase classname="tests.unit.test_middleware_autogen.TestApplyToAgent" name="test_reply_hook_handles_empty_messages" file="tests/unit/test_middleware_autogen.py" line="88" time="0.037" /><testcase classname="tests.unit.test_middleware_autogen.TestApplyToAgent" name="test_post_hook_registered_when_supported" file="tests/unit/test_middleware_autogen.py" line="97" time="0.036" /><testcase classname="tests.unit.test_middleware_autogen.TestApplyToAgent" name="test_post_hook_skipped_when_not_supported" file="tests/unit/test_middleware_autogen.py" line="105" time="0.035" /><testcase classname="tests.unit.test_middleware_autogen.TestApplyToAgent" name="test_apply_to_agent_injects_policy_metadata_into_llm_config" file="tests/unit/test_middleware_autogen.py" line="112" time="0.036" /><testcase classname="tests.unit.test_middleware_autogen.TestWrapConfigList" name="test_injects_ct_headers_into_config" file="tests/unit/test_middleware_autogen.py" line="130" time="0.036" /><testcase classname="tests.unit.test_middleware_autogen.TestWrapConfigList" name="test_preserves_existing_headers" file="tests/unit/test_middleware_autogen.py" line="139" time="0.036" /><testcase classname="tests.unit.test_middleware_autogen.TestWrapConfigList" name="test_handles_config_without_api_params" file="tests/unit/test_middleware_autogen.py" line="150" time="0.036" /><testcase classname="tests.unit.test_middleware_autogen.TestWrapConfigList" name="test_does_not_mutate_original_config" file="tests/unit/test_middleware_autogen.py" line="156" time="0.036" /><testcase classname="tests.unit.test_middleware_autogen.TestWrapConfigList" name="test_wrap_config_list_injects_policy_metadata" file="tests/unit/test_middleware_autogen.py" line="163" time="0.036" /><testcase classname="tests.unit.test_middleware_autogen.TestWrapConfigList" name="test_apply_policy_to_llm_config_updates_top_level_metadata" file="tests/unit/test_middleware_autogen.py" line="172" time="0.036" /><testcase classname="tests.unit.test_middleware_autogen.TestPostReplyHook" name="test_hook_analyses_outgoing_text" file="tests/unit/test_middleware_autogen.py" line="189" time="0.037" /><testcase classname="tests.unit.test_middleware_autogen.TestPostReplyHook" name="test_hook_warns_on_cascade_blocked" file="tests/unit/test_middleware_autogen.py" line="202" time="0.037" /><testcase classname="tests.unit.test_middleware_autogen.TestPostReplyHook" name="test_hook_returns_message_unchanged" file="tests/unit/test_middleware_autogen.py" line="220" time="0.037" /><testcase classname="tests.unit.test_middleware_autogen.TestExtractText" name="test_string_message" file="tests/unit/test_middleware_autogen.py" line="236" time="0.000" /><testcase classname="tests.unit.test_middleware_autogen.TestExtractText" name="test_dict_with_content" file="tests/unit/test_middleware_autogen.py" line="239" time="0.000" /><testcase classname="tests.unit.test_middleware_autogen.TestExtractText" name="test_dict_without_content" file="tests/unit/test_middleware_autogen.py" line="242" time="0.000" /><testcase classname="tests.unit.test_middleware_autogen.TestExtractText" name="test_other_type_converted_to_str" file="tests/unit/test_middleware_autogen.py" line="246" time="0.000" /><testcase classname="tests.unit.test_middleware_crewai.TestApplyToCrew" name="test_wraps_all_agents_with_theseus_chat_model" file="tests/unit/test_middleware_crewai.py" line="41" time="0.109" /><testcase classname="tests.unit.test_middleware_crewai.TestApplyToCrew" name="test_parent_kernel_propagated_to_sub_agents" file="tests/unit/test_middleware_crewai.py" line="54" time="0.070" /><testcase classname="tests.unit.test_middleware_crewai.TestApplyToCrew" name="test_sub_agents_receive_sub_policy_role" file="tests/unit/test_middleware_crewai.py" line="65" time="0.073" /><testcase classname="tests.unit.test_middleware_crewai.TestApplyToCrew" name="test_policy_metadata_is_attached_to_crew_and_agent" file="tests/unit/test_middleware_crewai.py" line="73" time="0.073" /><testcase classname="tests.unit.test_middleware_crewai.TestApplyToCrew" name="test_agent_without_llm_attribute_is_skipped" file="tests/unit/test_middleware_crewai.py" line="84" time="0.036" /><testcase classname="tests.unit.test_middleware_crewai.TestApplyToCrew" name="test_empty_crew_does_not_crash" file="tests/unit/test_middleware_crewai.py" line="93" time="0.035" /><testcase classname="tests.unit.test_middleware_crewai.TestApplyToCrew" name="test_model_name_preserved_from_existing_llm" file="tests/unit/test_middleware_crewai.py" line="97" time="0.073" /><testcase classname="tests.unit.test_middleware_crewai.TestWrapAgent" name="test_wrap_single_agent" file="tests/unit/test_middleware_crewai.py" line="111" time="0.073" /><testcase classname="tests.unit.test_middleware_crewai.TestWrapAgent" name="test_wrap_agent_parent_kernel_set" file="tests/unit/test_middleware_crewai.py" line="120" time="0.071" /><testcase classname="tests.unit.test_middleware_crewai.TestWrapAgent" name="test_wrap_agent_sets_sub_policy_role" file="tests/unit/test_middleware_crewai.py" line="126" time="0.068" /><testcase classname="tests.unit.test_middleware_crewai.TestWrapAgent" name="test_wrap_agent_attaches_policy_metadata" file="tests/unit/test_middleware_crewai.py" line="132" time="0.071" /><testcase classname="tests.unit.test_middleware_crewai.TestExtractModelName" name="test_returns_string_llm_directly" file="tests/unit/test_middleware_crewai.py" line="144" time="0.000" /><testcase classname="tests.unit.test_middleware_crewai.TestExtractModelName" name="test_reads_model_attribute" file="tests/unit/test_middleware_crewai.py" line="147" time="0.000" /><testcase classname="tests.unit.test_middleware_crewai.TestExtractModelName" name="test_reads_model_name_attribute" file="tests/unit/test_middleware_crewai.py" line="152" time="0.000" /><testcase classname="tests.unit.test_middleware_crewai.TestExtractModelName" name="test_returns_none_for_none" file="tests/unit/test_middleware_crewai.py" line="157" time="0.000" /><testcase classname="tests.unit.test_middleware_crewai.TestExtractModelName" name="test_returns_none_for_unknown_object" file="tests/unit/test_middleware_crewai.py" line="160" time="0.000" /><testcase classname="tests.unit.test_middleware_langchain.TestTheseusLangChainCallback" name="test_on_llm_start_stores_run_prompt" file="tests/unit/test_middleware_langchain.py" line="35" time="0.036" /><testcase classname="tests.unit.test_middleware_langchain.TestTheseusLangChainCallback" name="test_on_llm_start_passes_for_clean_prompt" file="tests/unit/test_middleware_langchain.py" line="42" time="0.036" /><testcase classname="tests.unit.test_middleware_langchain.TestTheseusLangChainCallback" name="test_on_chat_model_start_validates_messages" file="tests/unit/test_middleware_langchain.py" line="47" time="0.036" /><testcase classname="tests.unit.test_middleware_langchain.TestTheseusLangChainCallback" name="test_on_chat_model_start_skips_non_string_content" file="tests/unit/test_middleware_langchain.py" line="54" time="0.035" /><testcase classname="tests.unit.test_middleware_langchain.TestTheseusLangChainCallback" name="test_on_llm_end_triggers_divergence_and_logs" file="tests/unit/test_middleware_langchain.py" line="60" time="0.036" /><testcase classname="tests.unit.test_middleware_langchain.TestTheseusLangChainCallback" name="test_on_llm_end_handles_chat_generation" file="tests/unit/test_middleware_langchain.py" line="77" time="0.036" /><testcase classname="tests.unit.test_middleware_langchain.TestTheseusLangChainCallback" name="test_on_llm_end_warns_on_cascade_blocked" file="tests/unit/test_middleware_langchain.py" line="91" time="0.036" /><testcase classname="tests.unit.test_middleware_langchain.TestTheseusLangChainCallback" name="test_on_llm_error_cleans_up_run_context" file="tests/unit/test_middleware_langchain.py" line="117" time="0.036" /><testcase classname="tests.unit.test_middleware_langchain.TestTheseusLangChainCallback" name="test_on_llm_end_no_crash_on_empty_content" file="tests/unit/test_middleware_langchain.py" line="124" time="0.035" /><testcase classname="tests.unit.test_middleware_langchain.TestTheseusChatModel" name="test_llm_type" file="tests/unit/test_middleware_langchain.py" line="137" time="0.000" /><testcase classname="tests.unit.test_middleware_langchain.TestTheseusChatModel" name="test_extract_user_text" file="tests/unit/test_middleware_langchain.py" line="142" time="0.000" /><testcase classname="tests.unit.test_middleware_langchain.TestTheseusChatModel" name="test_extract_system" file="tests/unit/test_middleware_langchain.py" line="152" time="0.000" /><testcase classname="tests.unit.test_middleware_langchain.TestTheseusChatModel" name="test_extract_system_returns_none_if_missing" file="tests/unit/test_middleware_langchain.py" line="161" time="0.000" /><testcase classname="tests.unit.test_middleware_langchain.TestTheseusChatModel" name="test_generate_calls_wrapper_chat" file="tests/unit/test_middleware_langchain.py" line="165" time="0.036" /><testcase classname="tests.unit.test_middleware_langchain.TestTheseusChatModel" name="test_generate_includes_provenance_in_generation_info" file="tests/unit/test_middleware_langchain.py" line="196" time="0.036" /><testcase classname="tests.unit.test_middleware_langchain.TestTheseusChatModel" name="test_bind_tools_persists_binding" file="tests/unit/test_middleware_langchain.py" line="222" time="0.042" /><testcase classname="tests.unit.test_middleware_langchain.TestTheseusChatModel" name="test_generate_forwards_bound_tools_to_wrapper" file="tests/unit/test_middleware_langchain.py" line="248" time="0.036" /><testcase classname="tests.unit.test_middleware_langchain.TestTheseusChatModel" name="test_generate_extracts_tool_calls_into_ai_message" file="tests/unit/test_middleware_langchain.py" line="284" time="0.035" /><testcase classname="tests.unit.test_middleware_langchain.TestTheseusChatModel" name="test_generate_disables_tools_when_allow_tools_false" file="tests/unit/test_middleware_langchain.py" line="329" time="0.035" /><testcase classname="tests.unit.test_middleware_litellm.TestExtractUserText" name="test_extracts_user_message" file="tests/unit/test_middleware_litellm.py" line="44" time="0.000" /><testcase classname="tests.unit.test_middleware_litellm.TestExtractUserText" name="test_skips_system_messages" file="tests/unit/test_middleware_litellm.py" line="51" time="0.000" /><testcase classname="tests.unit.test_middleware_litellm.TestExtractUserText" name="test_concatenates_multiple_user_messages" file="tests/unit/test_middleware_litellm.py" line="55" time="0.000" /><testcase classname="tests.unit.test_middleware_litellm.TestExtractUserText" name="test_handles_multimodal_content" file="tests/unit/test_middleware_litellm.py" line="65" time="0.000" /><testcase classname="tests.unit.test_middleware_litellm.TestExtractUserText" name="test_empty_messages" file="tests/unit/test_middleware_litellm.py" line="74" time="0.000" /><testcase classname="tests.unit.test_middleware_litellm.TestExtractResponseText" name="test_extracts_from_model_response" file="tests/unit/test_middleware_litellm.py" line="81" time="0.001" /><testcase classname="tests.unit.test_middleware_litellm.TestExtractResponseText" name="test_extracts_from_dict" file="tests/unit/test_middleware_litellm.py" line="85" time="0.000" /><testcase classname="tests.unit.test_middleware_litellm.TestExtractResponseText" name="test_handles_none" file="tests/unit/test_middleware_litellm.py" line="89" time="0.000" /><testcase classname="tests.unit.test_middleware_litellm.TestExtractResponseText" name="test_handles_empty_choices" file="tests/unit/test_middleware_litellm.py" line="92" time="0.000" /><testcase classname="tests.unit.test_middleware_litellm.TestPreCallHook" name="test_clean_message_returns_none" file="tests/unit/test_middleware_litellm.py" line="103" time="0.039" /><testcase classname="tests.unit.test_middleware_litellm.TestPreCallHook" name="test_axiomatic_violation_blocks_call" file="tests/unit/test_middleware_litellm.py" line="112" time="0.036" /><testcase classname="tests.unit.test_middleware_litellm.TestPreCallHook" name="test_empty_messages_passes" file="tests/unit/test_middleware_litellm.py" line="125" time="0.036" /><testcase classname="tests.unit.test_middleware_litellm.TestAsyncLogSuccessEvent" name="test_runs_divergence_engine" file="tests/unit/test_middleware_litellm.py" line="139" time="0.037" /><testcase classname="tests.unit.test_middleware_litellm.TestAsyncLogSuccessEvent" name="test_records_provenance" file="tests/unit/test_middleware_litellm.py" line="155" time="0.036" /><testcase classname="tests.unit.test_middleware_litellm.TestAsyncLogSuccessEvent" name="test_warns_on_cascade_blocked" file="tests/unit/test_middleware_litellm.py" line="173" time="0.037" /><testcase classname="tests.unit.test_middleware_litellm.TestAsyncLogSuccessEvent" name="test_does_not_crash_on_exception" file="tests/unit/test_middleware_litellm.py" line="191" time="0.036" /><testcase classname="tests.unit.test_middleware_litellm.TestAsyncLogFailureEvent" name="test_logs_failure_to_provenance" file="tests/unit/test_middleware_litellm.py" line="208" time="0.036" /><testcase classname="tests.unit.test_middleware_litellm.TestSyncLogSuccessEvent" name="test_sync_runs_divergence" file="tests/unit/test_middleware_litellm.py" line="227" time="0.036" /><testcase classname="tests.unit.test_middleware_litellm.TestCreateProxyHandler" name="test_returns_callback_instance" file="tests/unit/test_middleware_litellm.py" line="244" time="0.036" /><testcase classname="tests.unit.test_middleware_litellm.TestCreateProxyHandler" name="test_defense_kernel_loads" file="tests/unit/test_middleware_litellm.py" line="253" time="0.036" /><testcase classname="tests.unit.test_missing_client" name="test_missing_client_raises_error" file="tests/unit/test_missing_client.py" line="7" time="0.037" /><testcase classname="tests.unit.test_missing_client" name="test_missing_client_passes_with_env_key" file="tests/unit/test_missing_client.py" line="19" time="0.047" /><testcase classname="tests.unit.test_missing_client" name="test_ollama_does_not_need_env_key" file="tests/unit/test_missing_client.py" line="35" time="0.046" /><testcase classname="tests.unit.test_provenance.TestProvenanceLogWithStatus" name="test_record_sets_status_to_active" file="tests/unit/test_provenance.py" line="28" time="0.002" /><testcase classname="tests.unit.test_provenance.TestProvenanceLogWithStatus" name="test_get_entries_returns_only_active_by_default" file="tests/unit/test_provenance.py" line="33" time="0.004" /><testcase classname="tests.unit.test_provenance.TestProvenanceLogWithStatus" name="test_get_entries_can_include_rolled_back" file="tests/unit/test_provenance.py" line="45" time="0.003" /><testcase classname="tests.unit.test_provenance.TestProvenanceLogWithStatus" name="test_verify_chain_ignores_rolled_back_entries" file="tests/unit/test_provenance.py" line="58" time="0.004" /><testcase classname="tests.unit.test_provenance.TestProvenanceLogWithStatus" name="test_get_last_entry_hash_ignores_rolled_back" file="tests/unit/test_provenance.py" line="73" time="0.003" /><testcase classname="tests.unit.test_provenance.TestProvenanceLogWithStatus" name="test_rollback_marks_entries_as_rolled_back" file="tests/unit/test_provenance.py" line="89" time="0.003" /><testcase classname="tests.unit.test_provenance.TestProvenanceLogWithStatus" name="test_rollback_is_agent_specific" file="tests/unit/test_provenance.py" line="98" time="0.004" /><testcase classname="tests.unit.test_provenance.TestProvenanceLogWithStatus" name="test_adding_entry_after_rollback" file="tests/unit/test_provenance.py" line="119" time="0.003" /><testcase classname="tests.unit.test_provenance.TestProvenanceLogWithStatus" name="test_rollback_raises_error_for_wrong_agent" file="tests/unit/test_provenance.py" line="132" time="0.002" /><testcase classname="tests.unit.test_provenance.TestProvenanceLogWithStatus" name="test_read_only_connection_prohibits_write" file="tests/unit/test_provenance.py" line="139" time="0.002" /><testcase classname="tests.unit.test_provenance.TestProvenanceLogWithStatus" name="test_new_db_init_with_status_column" file="tests/unit/test_provenance.py" line="146" time="0.002" /><testcase classname="tests.unit.test_scheduler.TestElasticityScheduler" name="test_default_initialization" file="tests/unit/test_scheduler.py" line="4" time="0.000" /><testcase classname="tests.unit.test_scheduler.TestElasticityScheduler" name="test_risk_profile_multipliers" file="tests/unit/test_scheduler.py" line="10" time="0.000" /><testcase classname="tests.unit.test_scheduler.TestElasticityScheduler" name="test_calculate_thresholds_zero_experience" file="tests/unit/test_scheduler.py" line="28" time="0.000" /><testcase classname="tests.unit.test_scheduler.TestElasticityScheduler" name="test_calculate_thresholds_growth_over_time" file="tests/unit/test_scheduler.py" line="35" time="0.000" /><testcase classname="tests.unit.test_scheduler.TestElasticityScheduler" name="test_risk_profile_restricts_growth_and_caps" file="tests/unit/test_scheduler.py" line="52" time="0.000" /><testcase classname="tests.unit.test_staged_approval" name="test_staged_approval_flow" file="tests/unit/test_staged_approval.py" line="27" time="2.591" /><testcase classname="tests.unit.test_staged_approval" name="test_staged_approval_critical_failure" file="tests/unit/test_staged_approval.py" line="65" time="0.071" /><testcase classname="tests.unit.test_staged_approval" name="test_cooldown_penalty_no_probes" file="tests/unit/test_staged_approval.py" line="92" time="0.039" /><testcase classname="tests.unit.test_wrapper.TestTheseusWrapper" name="test_wrapper_initializes" file="tests/unit/test_wrapper.py" line="22" time="0.034" /><testcase classname="tests.unit.test_wrapper.TestTheseusWrapper" name="test_detects_openai_provider" file="tests/unit/test_wrapper.py" line="25" time="0.035" /><testcase classname="tests.unit.test_wrapper.TestTheseusWrapper" name="test_detects_anthropic_provider" file="tests/unit/test_wrapper.py" line="28" time="0.069" /><testcase classname="tests.unit.test_wrapper.TestTheseusWrapper" name="test_detects_ollama_provider" file="tests/unit/test_wrapper.py" line="33" time="0.069" /><testcase classname="tests.unit.test_wrapper.TestTheseusWrapper" name="test_unknown_provider_flagged" file="tests/unit/test_wrapper.py" line="38" time="0.069" /><testcase classname="tests.unit.test_wrapper.TestTheseusWrapper" name="test_initialization_with_provider_string" file="tests/unit/test_wrapper.py" line="43" time="0.069" /><testcase classname="tests.unit.test_wrapper.TestTheseusWrapper" name="test_default_initialization_to_openai" file="tests/unit/test_wrapper.py" line="49" time="0.068" /><testcase classname="tests.unit.test_wrapper.TestTheseusWrapper" name="test_wrapper_has_kernel" file="tests/unit/test_wrapper.py" line="54" time="0.035" /><testcase classname="tests.unit.test_wrapper.TestTheseusWrapper" name="test_wrapper_has_compatibility_result" file="tests/unit/test_wrapper.py" line="58" time="0.034" /><testcase classname="tests.unit.test_wrapper.TestTheseusWrapper" name="test_wrapper_has_divergence_engine" file="tests/unit/test_wrapper.py" line="61" time="0.035" /><testcase classname="tests.unit.test_wrapper.TestTheseusWrapper" name="test_startup_creates_llm_capability_cache_file" file="tests/unit/test_wrapper.py" line="64" time="0.056" /><testcase classname="tests.unit.test_wrapper.TestTheseusWrapper" name="test_risk_profile_is_derived_from_capability_cache" file="tests/unit/test_wrapper.py" line="80" time="0.050" /><testcase classname="tests.unit.test_wrapper.TestTheseusWrapper" name="test_resolve_llm_policy_applies_role_constraints" file="tests/unit/test_wrapper.py" line="92" time="0.060" /><testcase classname="tests.unit.test_wrapper.TestTheseusWrapper" name="test_resolve_llm_policy_applies_environment_override" file="tests/unit/test_wrapper.py" line="108" time="0.055" /><testcase classname="tests.unit.test_wrapper.TestTheseusWrapper" name="test_propagate_headers_include_policy_metadata" file="tests/unit/test_wrapper.py" line="121" time="0.052" /><testcase classname="tests.unit.test_wrapper.TestTheseusWrapper" name="test_validate_axiomatic_raises" file="tests/unit/test_wrapper.py" line="136" time="0.036" /><testcase classname="tests.unit.test_wrapper.TestTheseusWrapper" name="test_validate_plastic_raises" file="tests/unit/test_wrapper.py" line="140" time="0.036" /><testcase classname="tests.unit.test_wrapper.TestTheseusWrapper" name="test_validate_valid_rule_passes" file="tests/unit/test_wrapper.py" line="144" time="0.035" /><testcase classname="tests.unit.test_wrapper.TestTheseusWrapper" name="test_endorse_clean_rule_approved" file="tests/unit/test_wrapper.py" line="149" time="0.037" /><testcase classname="tests.unit.test_wrapper.TestTheseusWrapper" name="test_endorse_plastic_conflict_with_approval" file="tests/unit/test_wrapper.py" line="156" time="0.038" /><testcase classname="tests.unit.test_wrapper.TestTheseusWrapper" name="test_endorse_axiomatic_always_hard_rejects" file="tests/unit/test_wrapper.py" line="165" time="0.035" /><testcase classname="tests.unit.test_wrapper.TestTheseusWrapper" name="test_native_compatibility_on_default_config" file="tests/unit/test_wrapper.py" line="174" time="0.035" /><testcase classname="tests.unit.test_wrapper.TestTheseusWrapper" name="test_compatible_combination_accepted" file="tests/unit/test_wrapper.py" line="177" time="0.070" /><testcase classname="tests.unit.test_wrapper.TestTheseusWrapper" name="test_conflicting_combination_raises_at_init" file="tests/unit/test_wrapper.py" line="181" time="0.059" /><testcase classname="tests.unit.test_wrapper.TestTheseusWrapper" name="test_extract_content_anthropic_style" file="tests/unit/test_wrapper.py" line="190" time="0.036" /><testcase classname="tests.unit.test_wrapper.TestTheseusWrapper" name="test_extract_content_ollama_style" file="tests/unit/test_wrapper.py" line="202" time="0.036" /><testcase classname="tests.unit.test_wrapper.TestTheseusWrapper" name="test_extract_model_fallback" file="tests/unit/test_wrapper.py" line="212" time="0.033" /><testcase classname="tests.unit.test_wrapper.TestTheseusWrapper" name="test_loads_kernel_from_user_config_directory" file="tests/unit/test_wrapper.py" line="219" time="0.047" /><testcase classname="tests.unit.test_wrapper.TestTheseusWrapper" name="test_auto_correction_triggers_on_misaligned" file="tests/unit/test_wrapper.py" line="253" time="0.071" /><testcase classname="tests.unit.test_wrapper.TestTheseusWrapper" name="test_auto_correction_gives_up_after_max_retries" file="tests/unit/test_wrapper.py" line="298" time="0.071" /><testcase classname="tests.unit.test_wrapper.TestTheseusWrapper" name="test_call_provider_strips_tool_kwargs_when_model_has_no_tool_call" file="tests/unit/test_wrapper.py" line="323" time="0.057" /></testsuite></testsuites>